192.168.56.1 - - [06/Jul/2023:00:48:07 +0000] "GET / HTTP/1.1" 302 410 "-" "Mozilla/5.0 (Windows NT 10.0; Win64; x64) AppleWebKit/537.36 (KHTML, like Gecko) Chrome/114.0.0.0 Safari/537.36"
192.168.56.1 - - [06/Jul/2023:00:48:07 +0000] "GET /wp-admin/install.php HTTP/1.1" 200 4667 "-" "Mozilla/5.0 (Windows NT 10.0; Win64; x64) AppleWebKit/537.36 (KHTML, like Gecko) Chrome/114.0.0.0 Safari/537.36"
192.168.56.1 - - [06/Jul/2023:00:48:10 +0000] "GET /wp-includes/css/buttons.min.css?ver=6.2.2 HTTP/1.1" 200 1791 "http://192.168.56.201:8888/wp-admin/install.php" "Mozilla/5.0 (Windows NT 10.0; Win64; x64) AppleWebKit/537.36 (KHTML, like Gecko) Chrome/114.0.0.0 Safari/537.36"
192.168.56.1 - - [06/Jul/2023:00:48:10 +0000] "GET /wp-includes/css/dashicons.min.css?ver=6.2.2 HTTP/1.1" 200 36068 "http://192.168.56.201:8888/wp-admin/install.php" "Mozilla/5.0 (Windows NT 10.0; Win64; x64) AppleWebKit/537.36 (KHTML, like Gecko) Chrome/114.0.0.0 Safari/537.36"
192.168.56.1 - - [06/Jul/2023:00:48:10 +0000] "GET /wp-includes/js/jquery/jquery-migrate.min.js?ver=3.4.0 HTTP/1.1" 200 5147 "http://192.168.56.201:8888/wp-admin/install.php" "Mozilla/5.0 (Windows NT 10.0; Win64; x64) AppleWebKit/537.36 (KHTML, like Gecko) Chrome/114.0.0.0 Safari/537.36"
192.168.56.1 - - [06/Jul/2023:00:48:10 +0000] "GET /wp-includes/js/jquery/jquery.min.js?ver=3.6.4 HTTP/1.1" 200 31403 "http://192.168.56.201:8888/wp-admin/install.php" "Mozilla/5.0 (Windows NT 10.0; Win64; x64) AppleWebKit/537.36 (KHTML, like Gecko) Chrome/114.0.0.0 Safari/537.36"
192.168.56.1 - - [06/Jul/2023:00:48:10 +0000] "GET /wp-admin/css/l10n.min.css?ver=6.2.2 HTTP/1.1" 200 1022 "http://192.168.56.201:8888/wp-admin/install.php" "Mozilla/5.0 (Windows NT 10.0; Win64; x64) AppleWebKit/537.36 (KHTML, like Gecko) Chrome/114.0.0.0 Safari/537.36"
192.168.56.1 - - [06/Jul/2023:00:48:10 +0000] "GET /wp-admin/css/install.min.css?ver=6.2.2 HTTP/1.1" 200 2125 "http://192.168.56.201:8888/wp-admin/install.php" "Mozilla/5.0 (Windows NT 10.0; Win64; x64) AppleWebKit/537.36 (KHTML, like Gecko) Chrome/114.0.0.0 Safari/537.36"
192.168.56.1 - - [06/Jul/2023:00:48:10 +0000] "GET /wp-admin/css/forms.min.css?ver=6.2.2 HTTP/1.1" 200 6730 "http://192.168.56.201:8888/wp-admin/install.php" "Mozilla/5.0 (Windows NT 10.0; Win64; x64) AppleWebKit/537.36 (KHTML, like Gecko) Chrome/114.0.0.0 Safari/537.36"
192.168.56.1 - - [06/Jul/2023:00:48:10 +0000] "GET /wp-admin/js/language-chooser.min.js?ver=6.2.2 HTTP/1.1" 200 622 "http://192.168.56.201:8888/wp-admin/install.php" "Mozilla/5.0 (Windows NT 10.0; Win64; x64) AppleWebKit/537.36 (KHTML, like Gecko) Chrome/114.0.0.0 Safari/537.36"
192.168.56.1 - - [06/Jul/2023:00:48:10 +0000] "GET /wp-admin/images/wordpress-logo.svg?ver=20131107 HTTP/1.1" 200 1810 "http://192.168.56.201:8888/wp-admin/css/install.min.css?ver=6.2.2" "Mozilla/5.0 (Windows NT 10.0; Win64; x64) AppleWebKit/537.36 (KHTML, like Gecko) Chrome/114.0.0.0 Safari/537.36"
192.168.56.1 - - [06/Jul/2023:00:48:10 +0000] "GET /wp-admin/images/spinner.gif HTTP/1.1" 200 3941 "http://192.168.56.201:8888/wp-admin/css/install.min.css?ver=6.2.2" "Mozilla/5.0 (Windows NT 10.0; Win64; x64) AppleWebKit/537.36 (KHTML, like Gecko) Chrome/114.0.0.0 Safari/537.36"
192.168.56.1 - - [06/Jul/2023:00:48:10 +0000] "GET /favicon.ico HTTP/1.1" 302 409 "http://192.168.56.201:8888/wp-admin/install.php" "Mozilla/5.0 (Windows NT 10.0; Win64; x64) AppleWebKit/537.36 (KHTML, like Gecko) Chrome/114.0.0.0 Safari/537.36"
192.168.56.1 - - [06/Jul/2023:00:48:10 +0000] "GET /wp-admin/install.php HTTP/1.1" 200 4667 "http://192.168.56.201:8888/wp-admin/install.php" "Mozilla/5.0 (Windows NT 10.0; Win64; x64) AppleWebKit/537.36 (KHTML, like Gecko) Chrome/114.0.0.0 Safari/537.36"
127.0.0.1 - - [06/Jul/2023:00:48:17 +0000] "OPTIONS * HTTP/1.0" 200 126 "-" "Apache/2.4.56 (Debian) PHP/8.0.29 (internal dummy connection)"
127.0.0.1 - - [06/Jul/2023:00:48:18 +0000] "OPTIONS * HTTP/1.0" 200 126 "-" "Apache/2.4.56 (Debian) PHP/8.0.29 (internal dummy connection)"
127.0.0.1 - - [06/Jul/2023:00:48:19 +0000] "OPTIONS * HTTP/1.0" 200 126 "-" "Apache/2.4.56 (Debian) PHP/8.0.29 (internal dummy connection)"
192.168.56.1 - - [06/Jul/2023:00:49:53 +0000] "POST /wp-admin/install.php?step=1 HTTP/1.1" 200 2925 "http://192.168.56.201:8888/wp-admin/install.php" "Mozilla/5.0 (Windows NT 10.0; Win64; x64) AppleWebKit/537.36 (KHTML, like Gecko) Chrome/114.0.0.0 Safari/537.36"
192.168.56.1 - - [06/Jul/2023:00:50:00 +0000] "GET /wp-includes/js/zxcvbn-async.min.js?ver=1.0 HTTP/1.1" 200 605 "http://192.168.56.201:8888/wp-admin/install.php?step=1" "Mozilla/5.0 (Windows NT 10.0; Win64; x64) AppleWebKit/537.36 (KHTML, like Gecko) Chrome/114.0.0.0 Safari/537.36"
192.168.56.1 - - [06/Jul/2023:00:50:00 +0000] "GET /wp-includes/js/dist/vendor/wp-polyfill-inert.min.js?ver=3.1.2 HTTP/1.1" 200 2836 "http://192.168.56.201:8888/wp-admin/install.php?step=1" "Mozilla/5.0 (Windows NT 10.0; Win64; x64) AppleWebKit/537.36 (KHTML, like Gecko) Chrome/114.0.0.0 Safari/537.36"
192.168.56.1 - - [06/Jul/2023:00:50:00 +0000] "GET /wp-includes/js/dist/vendor/wp-polyfill.min.js?ver=3.15.0 HTTP/1.1" 200 6884 "http://192.168.56.201:8888/wp-admin/install.php?step=1" "Mozilla/5.0 (Windows NT 10.0; Win64; x64) AppleWebKit/537.36 (KHTML, like Gecko) Chrome/114.0.0.0 Safari/537.36"
192.168.56.1 - - [06/Jul/2023:00:50:00 +0000] "GET /wp-admin/js/password-strength-meter.min.js?ver=6.2.2 HTTP/1.1" 200 970 "http://192.168.56.201:8888/wp-admin/install.php?step=1" "Mozilla/5.0 (Windows NT 10.0; Win64; x64) AppleWebKit/537.36 (KHTML, like Gecko) Chrome/114.0.0.0 Safari/537.36"
192.168.56.1 - - [06/Jul/2023:00:50:00 +0000] "GET /wp-includes/js/dist/vendor/regenerator-runtime.min.js?ver=0.13.11 HTTP/1.1" 200 2851 "http://192.168.56.201:8888/wp-admin/install.php?step=1" "Mozilla/5.0 (Windows NT 10.0; Win64; x64) AppleWebKit/537.36 (KHTML, like Gecko) Chrome/114.0.0.0 Safari/537.36"
192.168.56.1 - - [06/Jul/2023:00:50:00 +0000] "GET /wp-includes/js/wp-util.min.js?ver=6.2.2 HTTP/1.1" 200 1105 "http://192.168.56.201:8888/wp-admin/install.php?step=1" "Mozilla/5.0 (Windows NT 10.0; Win64; x64) AppleWebKit/537.36 (KHTML, like Gecko) Chrome/114.0.0.0 Safari/537.36"
192.168.56.1 - - [06/Jul/2023:00:50:00 +0000] "GET /wp-includes/js/dist/i18n.min.js?ver=9e794f35a71bb98672ae HTTP/1.1" 200 4218 "http://192.168.56.201:8888/wp-admin/install.php?step=1" "Mozilla/5.0 (Windows NT 10.0; Win64; x64) AppleWebKit/537.36 (KHTML, like Gecko) Chrome/114.0.0.0 Safari/537.36"
192.168.56.1 - - [06/Jul/2023:00:50:00 +0000] "GET /wp-includes/js/underscore.min.js?ver=1.13.4 HTTP/1.1" 200 7662 "http://192.168.56.201:8888/wp-admin/install.php?step=1" "Mozilla/5.0 (Windows NT 10.0; Win64; x64) AppleWebKit/537.36 (KHTML, like Gecko) Chrome/114.0.0.0 Safari/537.36"
192.168.56.1 - - [06/Jul/2023:00:50:00 +0000] "GET /wp-admin/js/user-profile.min.js?ver=6.2.2 HTTP/1.1" 200 2677 "http://192.168.56.201:8888/wp-admin/install.php?step=1" "Mozilla/5.0 (Windows NT 10.0; Win64; x64) AppleWebKit/537.36 (KHTML, like Gecko) Chrome/114.0.0.0 Safari/537.36"
192.168.56.1 - - [06/Jul/2023:00:50:00 +0000] "GET /wp-includes/js/dist/hooks.min.js?ver=4169d3cf8e8d95a3d6d5 HTTP/1.1" 200 2013 "http://192.168.56.201:8888/wp-admin/install.php?step=1" "Mozilla/5.0 (Windows NT 10.0; Win64; x64) AppleWebKit/537.36 (KHTML, like Gecko) Chrome/114.0.0.0 Safari/537.36"
192.168.56.1 - - [06/Jul/2023:00:50:00 +0000] "GET /favicon.ico HTTP/1.1" 302 409 "http://192.168.56.201:8888/wp-admin/install.php?step=1" "Mozilla/5.0 (Windows NT 10.0; Win64; x64) AppleWebKit/537.36 (KHTML, like Gecko) Chrome/114.0.0.0 Safari/537.36"
192.168.56.1 - - [06/Jul/2023:00:50:00 +0000] "GET /wp-includes/js/zxcvbn.min.js HTTP/1.1" 200 400400 "http://192.168.56.201:8888/wp-admin/install.php?step=1" "Mozilla/5.0 (Windows NT 10.0; Win64; x64) AppleWebKit/537.36 (KHTML, like Gecko) Chrome/114.0.0.0 Safari/537.36"
192.168.56.1 - - [06/Jul/2023:00:50:00 +0000] "GET /wp-admin/install.php HTTP/1.1" 200 4669 "http://192.168.56.201:8888/wp-admin/install.php?step=1" "Mozilla/5.0 (Windows NT 10.0; Win64; x64) AppleWebKit/537.36 (KHTML, like Gecko) Chrome/114.0.0.0 Safari/537.36"
127.0.0.1 - - [06/Jul/2023:00:50:08 +0000] "OPTIONS * HTTP/1.0" 200 126 "-" "Apache/2.4.56 (Debian) PHP/8.0.29 (internal dummy connection)"
172.28.0.1 - - [06/Jul/2023:00:51:11 +0000] "\x16\x03\x01\x02" 400 484 "-" "-"
172.28.0.1 - - [06/Jul/2023:00:51:11 +0000] "\x16\x03\x01\x02" 400 484 "-" "-"
172.28.0.1 - - [06/Jul/2023:00:51:09 +0000] "GET /2023/07/06/%EC%95%88%EB%85%95%ED%95%98%EC%84%B8%EC%9A%94/ HTTP/1.1" 200 13289 "-" "WordPress/6.2.2; http://192.168.56.201:8888"
192.168.56.1 - - [06/Jul/2023:00:50:58 +0000] "POST /wp-admin/install.php?step=2 HTTP/1.1" 200 1762 "http://192.168.56.201:8888/wp-admin/install.php?step=1" "Mozilla/5.0 (Windows NT 10.0; Win64; x64) AppleWebKit/537.36 (KHTML, like Gecko) Chrome/114.0.0.0 Safari/537.36"
192.168.56.1 - - [06/Jul/2023:00:51:12 +0000] "GET /favicon.ico HTTP/1.1" 302 410 "http://192.168.56.201:8888/wp-admin/install.php?step=2" "Mozilla/5.0 (Windows NT 10.0; Win64; x64) AppleWebKit/537.36 (KHTML, like Gecko) Chrome/114.0.0.0 Safari/537.36"
192.168.56.1 - - [06/Jul/2023:00:51:12 +0000] "GET /wp-includes/images/w-logo-blue-white-bg.png HTTP/1.1" 200 4405 "http://192.168.56.201:8888/wp-admin/install.php?step=2" "Mozilla/5.0 (Windows NT 10.0; Win64; x64) AppleWebKit/537.36 (KHTML, like Gecko) Chrome/114.0.0.0 Safari/537.36"
192.168.56.1 - - [06/Jul/2023:00:51:15 +0000] "GET /wp-login.php HTTP/1.1" 200 3222 "http://192.168.56.201:8888/wp-admin/install.php?step=2" "Mozilla/5.0 (Windows NT 10.0; Win64; x64) AppleWebKit/537.36 (KHTML, like Gecko) Chrome/114.0.0.0 Safari/537.36"
192.168.56.1 - - [06/Jul/2023:00:51:16 +0000] "GET /wp-admin/css/login.min.css?ver=6.2.2 HTTP/1.1" 200 2494 "http://192.168.56.201:8888/wp-login.php" "Mozilla/5.0 (Windows NT 10.0; Win64; x64) AppleWebKit/537.36 (KHTML, like Gecko) Chrome/114.0.0.0 Safari/537.36"
172.28.0.1 - - [06/Jul/2023:00:51:10 +0000] "POST /wp-cron.php?doing_wp_cron=1688604670.6976759433746337890625 HTTP/1.1" 200 285 "-" "WordPress/6.2.2; http://192.168.56.201:8888"
192.168.56.1 - - [06/Jul/2023:00:51:37 +0000] "POST /wp-login.php HTTP/1.1" 302 1157 "http://192.168.56.201:8888/wp-login.php" "Mozilla/5.0 (Windows NT 10.0; Win64; x64) AppleWebKit/537.36 (KHTML, like Gecko) Chrome/114.0.0.0 Safari/537.36"
192.168.56.1 - - [06/Jul/2023:00:51:38 +0000] "GET /wp-admin/ HTTP/1.1" 200 23557 "http://192.168.56.201:8888/wp-login.php" "Mozilla/5.0 (Windows NT 10.0; Win64; x64) AppleWebKit/537.36 (KHTML, like Gecko) Chrome/114.0.0.0 Safari/537.36"
192.168.56.1 - - [06/Jul/2023:00:51:40 +0000] "GET /wp-includes/js/thickbox/thickbox.css?ver=6.2.2 HTTP/1.1" 200 1275 "http://192.168.56.201:8888/wp-admin/" "Mozilla/5.0 (Windows NT 10.0; Win64; x64) AppleWebKit/537.36 (KHTML, like Gecko) Chrome/114.0.0.0 Safari/537.36"
192.168.56.1 - - [06/Jul/2023:00:51:40 +0000] "GET /wp-includes/css/editor.min.css?ver=6.2.2 HTTP/1.1" 200 6212 "http://192.168.56.201:8888/wp-admin/" "Mozilla/5.0 (Windows NT 10.0; Win64; x64) AppleWebKit/537.36 (KHTML, like Gecko) Chrome/114.0.0.0 Safari/537.36"
192.168.56.1 - - [06/Jul/2023:00:51:40 +0000] "GET /wp-includes/js/hoverintent-js.min.js?ver=2.2.1 HTTP/1.1" 200 1067 "http://192.168.56.201:8888/wp-admin/" "Mozilla/5.0 (Windows NT 10.0; Win64; x64) AppleWebKit/537.36 (KHTML, like Gecko) Chrome/114.0.0.0 Safari/537.36"
192.168.56.1 - - [06/Jul/2023:00:51:40 +0000] "GET /wp-admin/js/common.min.js?ver=6.2.2 HTTP/1.1" 200 6984 "http://192.168.56.201:8888/wp-admin/" "Mozilla/5.0 (Windows NT 10.0; Win64; x64) AppleWebKit/537.36 (KHTML, like Gecko) Chrome/114.0.0.0 Safari/537.36"
192.168.56.1 - - [06/Jul/2023:00:51:40 +0000] "GET /wp-includes/js/admin-bar.min.js?ver=6.2.2 HTTP/1.1" 200 1746 "http://192.168.56.201:8888/wp-admin/" "Mozilla/5.0 (Windows NT 10.0; Win64; x64) AppleWebKit/537.36 (KHTML, like Gecko) Chrome/114.0.0.0 Safari/537.36"
192.168.56.1 - - [06/Jul/2023:00:51:40 +0000] "GET /wp-includes/js/clipboard.min.js?ver=2.0.11 HTTP/1.1" 200 3501 "http://192.168.56.201:8888/wp-admin/" "Mozilla/5.0 (Windows NT 10.0; Win64; x64) AppleWebKit/537.36 (KHTML, like Gecko) Chrome/114.0.0.0 Safari/537.36"
192.168.56.1 - - [06/Jul/2023:00:51:40 +0000] "GET /wp-includes/js/dist/dom-ready.min.js?ver=392bdd43726760d1f3ca HTTP/1.1" 200 680 "http://192.168.56.201:8888/wp-admin/" "Mozilla/5.0 (Windows NT 10.0; Win64; x64) AppleWebKit/537.36 (KHTML, like Gecko) Chrome/114.0.0.0 Safari/537.36"
192.168.56.1 - - [06/Jul/2023:00:51:40 +0000] "GET /wp-includes/js/dist/a11y.min.js?ver=ecce20f002eda4c19664 HTTP/1.1" 200 1338 "http://192.168.56.201:8888/wp-admin/" "Mozilla/5.0 (Windows NT 10.0; Win64; x64) AppleWebKit/537.36 (KHTML, like Gecko) Chrome/114.0.0.0 Safari/537.36"
192.168.56.1 - - [06/Jul/2023:00:51:40 +0000] "GET /wp-includes/js/api-request.min.js?ver=6.2.2 HTTP/1.1" 200 939 "http://192.168.56.201:8888/wp-admin/" "Mozilla/5.0 (Windows NT 10.0; Win64; x64) AppleWebKit/537.36 (KHTML, like Gecko) Chrome/114.0.0.0 Safari/537.36"
192.168.56.1 - - [06/Jul/2023:00:51:40 +0000] "GET /wp-includes/js/dist/url.min.js?ver=16185fce2fb043a0cfed HTTP/1.1" 200 4108 "http://192.168.56.201:8888/wp-admin/" "Mozilla/5.0 (Windows NT 10.0; Win64; x64) AppleWebKit/537.36 (KHTML, like Gecko) Chrome/114.0.0.0 Safari/537.36"
192.168.56.1 - - [06/Jul/2023:00:51:40 +0000] "GET /wp-includes/js/wp-ajax-response.min.js?ver=6.2.2 HTTP/1.1" 200 1429 "http://192.168.56.201:8888/wp-admin/" "Mozilla/5.0 (Windows NT 10.0; Win64; x64) AppleWebKit/537.36 (KHTML, like Gecko) Chrome/114.0.0.0 Safari/537.36"
192.168.56.1 - - [06/Jul/2023:00:51:40 +0000] "GET /wp-admin/js/site-health.min.js?ver=6.2.2 HTTP/1.1" 200 2505 "http://192.168.56.201:8888/wp-admin/" "Mozilla/5.0 (Windows NT 10.0; Win64; x64) AppleWebKit/537.36 (KHTML, like Gecko) Chrome/114.0.0.0 Safari/537.36"
192.168.56.1 - - [06/Jul/2023:00:51:40 +0000] "GET /wp-includes/js/jquery/jquery.color.min.js?ver=2.2.0 HTTP/1.1" 200 3255 "http://192.168.56.201:8888/wp-admin/" "Mozilla/5.0 (Windows NT 10.0; Win64; x64) AppleWebKit/537.36 (KHTML, like Gecko) Chrome/114.0.0.0 Safari/537.36"
192.168.56.1 - - [06/Jul/2023:00:51:40 +0000] "GET /wp-includes/js/wp-lists.min.js?ver=6.2.2 HTTP/1.1" 200 2887 "http://192.168.56.201:8888/wp-admin/" "Mozilla/5.0 (Windows NT 10.0; Win64; x64) AppleWebKit/537.36 (KHTML, like Gecko) Chrome/114.0.0.0 Safari/537.36"
192.168.56.1 - - [06/Jul/2023:00:51:40 +0000] "GET /wp-includes/js/quicktags.min.js?ver=6.2.2 HTTP/1.1" 200 3860 "http://192.168.56.201:8888/wp-admin/" "Mozilla/5.0 (Windows NT 10.0; Win64; x64) AppleWebKit/537.36 (KHTML, like Gecko) Chrome/114.0.0.0 Safari/537.36"
192.168.56.1 - - [06/Jul/2023:00:51:40 +0000] "GET /wp-includes/js/jquery/jquery.query.js?ver=2.2.3 HTTP/1.1" 200 1977 "http://192.168.56.201:8888/wp-admin/" "Mozilla/5.0 (Windows NT 10.0; Win64; x64) AppleWebKit/537.36 (KHTML, like Gecko) Chrome/114.0.0.0 Safari/537.36"
192.168.56.1 - - [06/Jul/2023:00:51:40 +0000] "GET /wp-includes/js/jquery/ui/mouse.min.js?ver=1.13.2 HTTP/1.1" 200 1435 "http://192.168.56.201:8888/wp-admin/" "Mozilla/5.0 (Windows NT 10.0; Win64; x64) AppleWebKit/537.36 (KHTML, like Gecko) Chrome/114.0.0.0 Safari/537.36"
192.168.56.1 - - [06/Jul/2023:00:51:40 +0000] "GET /wp-admin/js/edit-comments.min.js?ver=6.2.2 HTTP/1.1" 200 5461 "http://192.168.56.201:8888/wp-admin/" "Mozilla/5.0 (Windows NT 10.0; Win64; x64) AppleWebKit/537.36 (KHTML, like Gecko) Chrome/114.0.0.0 Safari/537.36"
192.168.56.1 - - [06/Jul/2023:00:51:40 +0000] "GET /wp-includes/js/jquery/ui/core.min.js?ver=1.13.2 HTTP/1.1" 200 7450 "http://192.168.56.201:8888/wp-admin/" "Mozilla/5.0 (Windows NT 10.0; Win64; x64) AppleWebKit/537.36 (KHTML, like Gecko) Chrome/114.0.0.0 Safari/537.36"
192.168.56.1 - - [06/Jul/2023:00:51:40 +0000] "GET /wp-admin/js/postbox.min.js?ver=6.2.2 HTTP/1.1" 200 2572 "http://192.168.56.201:8888/wp-admin/" "Mozilla/5.0 (Windows NT 10.0; Win64; x64) AppleWebKit/537.36 (KHTML, like Gecko) Chrome/114.0.0.0 Safari/537.36"
192.168.56.1 - - [06/Jul/2023:00:51:40 +0000] "GET /wp-includes/js/jquery/ui/sortable.min.js?ver=1.13.2 HTTP/1.1" 200 6916 "http://192.168.56.201:8888/wp-admin/" "Mozilla/5.0 (Windows NT 10.0; Win64; x64) AppleWebKit/537.36 (KHTML, like Gecko) Chrome/114.0.0.0 Safari/537.36"
192.168.56.1 - - [06/Jul/2023:00:51:40 +0000] "GET /wp-admin/load-scripts.php?c=0&load%5Bchunk_0%5D=jquery-core,jquery-migrate,utils&ver=6.2.2 HTTP/1.1" 200 36077 "http://192.168.56.201:8888/wp-admin/" "Mozilla/5.0 (Windows NT 10.0; Win64; x64) AppleWebKit/537.36 (KHTML, like Gecko) Chrome/114.0.0.0 Safari/537.36"
192.168.56.1 - - [06/Jul/2023:00:51:40 +0000] "GET /wp-includes/js/dist/deprecated.min.js?ver=6c963cb9494ba26b77eb HTTP/1.1" 200 862 "http://192.168.56.201:8888/wp-admin/" "Mozilla/5.0 (Windows NT 10.0; Win64; x64) AppleWebKit/537.36 (KHTML, like Gecko) Chrome/114.0.0.0 Safari/537.36"
192.168.56.1 - - [06/Jul/2023:00:51:40 +0000] "GET /wp-admin/load-scripts.php?c=0&load%5Bchunk_0%5D=hoverIntent,wp-polyfill-inert,regenerator-runtime,wp-polyfill,wp-hooks&ver=6.2.2 HTTP/1.1" 200 13407 "http://192.168.56.201:8888/wp-admin/" "Mozilla/5.0 (Windows NT 10.0; Win64; x64) AppleWebKit/537.36 (KHTML, like Gecko) Chrome/114.0.0.0 Safari/537.36"
192.168.56.1 - - [06/Jul/2023:00:51:40 +0000] "GET /wp-includes/js/thickbox/thickbox.js?ver=3.1-20121105 HTTP/1.1" 200 4366 "http://192.168.56.201:8888/wp-admin/" "Mozilla/5.0 (Windows NT 10.0; Win64; x64) AppleWebKit/537.36 (KHTML, like Gecko) Chrome/114.0.0.0 Safari/537.36"
192.168.56.1 - - [06/Jul/2023:00:51:40 +0000] "GET /wp-admin/js/dashboard.min.js?ver=6.2.2 HTTP/1.1" 200 3413 "http://192.168.56.201:8888/wp-admin/" "Mozilla/5.0 (Windows NT 10.0; Win64; x64) AppleWebKit/537.36 (KHTML, like Gecko) Chrome/114.0.0.0 Safari/537.36"
192.168.56.1 - - [06/Jul/2023:00:51:40 +0000] "GET /wp-includes/js/dist/vendor/moment.min.js?ver=2.29.4 HTTP/1.1" 200 18897 "http://192.168.56.201:8888/wp-admin/" "Mozilla/5.0 (Windows NT 10.0; Win64; x64) AppleWebKit/537.36 (KHTML, like Gecko) Chrome/114.0.0.0 Safari/537.36"
192.168.56.1 - - [06/Jul/2023:00:51:40 +0000] "GET /wp-admin/js/plugin-install.min.js?ver=6.2.2 HTTP/1.1" 200 1371 "http://192.168.56.201:8888/wp-admin/" "Mozilla/5.0 (Windows NT 10.0; Win64; x64) AppleWebKit/537.36 (KHTML, like Gecko) Chrome/114.0.0.0 Safari/537.36"
192.168.56.1 - - [06/Jul/2023:00:51:40 +0000] "GET /wp-includes/js/shortcode.min.js?ver=6.2.2 HTTP/1.1" 200 1495 "http://192.168.56.201:8888/wp-admin/" "Mozilla/5.0 (Windows NT 10.0; Win64; x64) AppleWebKit/537.36 (KHTML, like Gecko) Chrome/114.0.0.0 Safari/537.36"
192.168.56.1 - - [06/Jul/2023:00:51:40 +0000] "GET /wp-admin/js/media-upload.min.js?ver=6.2.2 HTTP/1.1" 200 962 "http://192.168.56.201:8888/wp-admin/" "Mozilla/5.0 (Windows NT 10.0; Win64; x64) AppleWebKit/537.36 (KHTML, like Gecko) Chrome/114.0.0.0 Safari/537.36"
192.168.56.1 - - [06/Jul/2023:00:51:40 +0000] "GET /wp-admin/js/updates.min.js?ver=6.2.2 HTTP/1.1" 200 9471 "http://192.168.56.201:8888/wp-admin/" "Mozilla/5.0 (Windows NT 10.0; Win64; x64) AppleWebKit/537.36 (KHTML, like Gecko) Chrome/114.0.0.0 Safari/537.36"
192.168.56.1 - - [06/Jul/2023:00:51:40 +0000] "GET /wp-admin/js/svg-painter.js?ver=6.2.2 HTTP/1.1" 200 2476 "http://192.168.56.201:8888/wp-admin/" "Mozilla/5.0 (Windows NT 10.0; Win64; x64) AppleWebKit/537.36 (KHTML, like Gecko) Chrome/114.0.0.0 Safari/537.36"
192.168.56.1 - - [06/Jul/2023:00:51:40 +0000] "GET /wp-includes/js/heartbeat.min.js?ver=6.2.2 HTTP/1.1" 200 2375 "http://192.168.56.201:8888/wp-admin/" "Mozilla/5.0 (Windows NT 10.0; Win64; x64) AppleWebKit/537.36 (KHTML, like Gecko) Chrome/114.0.0.0 Safari/537.36"
192.168.56.1 - - [06/Jul/2023:00:51:40 +0000] "GET /wp-includes/js/wp-auth-check.min.js?ver=6.2.2 HTTP/1.1" 200 1122 "http://192.168.56.201:8888/wp-admin/" "Mozilla/5.0 (Windows NT 10.0; Win64; x64) AppleWebKit/537.36 (KHTML, like Gecko) Chrome/114.0.0.0 Safari/537.36"
192.168.56.1 - - [06/Jul/2023:00:51:40 +0000] "GET /wp-includes/js/dist/date.min.js?ver=f8550b1212d715fbf745 HTTP/1.1" 200 43884 "http://192.168.56.201:8888/wp-admin/" "Mozilla/5.0 (Windows NT 10.0; Win64; x64) AppleWebKit/537.36 (KHTML, like Gecko) Chrome/114.0.0.0 Safari/537.36"
192.168.56.1 - - [06/Jul/2023:00:51:40 +0000] "GET /wp-includes/js/wp-sanitize.min.js?ver=6.2.2 HTTP/1.1" 200 633 "http://192.168.56.201:8888/wp-admin/" "Mozilla/5.0 (Windows NT 10.0; Win64; x64) AppleWebKit/537.36 (KHTML, like Gecko) Chrome/114.0.0.0 Safari/537.36"
192.168.56.1 - - [06/Jul/2023:00:51:40 +0000] "GET /wp-includes/js/jquery/ui/menu.min.js?ver=1.13.2 HTTP/1.1" 200 3373 "http://192.168.56.201:8888/wp-admin/" "Mozilla/5.0 (Windows NT 10.0; Win64; x64) AppleWebKit/537.36 (KHTML, like Gecko) Chrome/114.0.0.0 Safari/537.36"
192.168.56.1 - - [06/Jul/2023:00:51:40 +0000] "GET /wp-includes/js/jquery/ui/autocomplete.min.js?ver=1.13.2 HTTP/1.1" 200 3228 "http://192.168.56.201:8888/wp-admin/" "Mozilla/5.0 (Windows NT 10.0; Win64; x64) AppleWebKit/537.36 (KHTML, like Gecko) Chrome/114.0.0.0 Safari/537.36"
192.168.56.1 - - [06/Jul/2023:00:51:40 +0000] "GET /wp-includes/js/wplink.min.js?ver=6.2.2 HTTP/1.1" 200 4229 "http://192.168.56.201:8888/wp-admin/" "Mozilla/5.0 (Windows NT 10.0; Win64; x64) AppleWebKit/537.36 (KHTML, like Gecko) Chrome/114.0.0.0 Safari/537.36"
192.168.56.1 - - [06/Jul/2023:00:51:40 +0000] "GET /wp-admin/load-styles.php?c=0&dir=ltr&load%5Bchunk_0%5D=dashicons,admin-bar,site-health,common,forms,admin-menu,dashboard,list-tables,edit,revisions,media,themes,about,nav-menus,wp-poi&load%5Bchunk_1%5D=nter,widgets,site-icon,l10n,buttons,wp-auth-check&ver=6.2.2 HTTP/1.1" 200 100532 "http://192.168.56.201:8888/wp-admin/" "Mozilla/5.0 (Windows NT 10.0; Win64; x64) AppleWebKit/537.36 (KHTML, like Gecko) Chrome/114.0.0.0 Safari/537.36"
192.168.56.1 - - [06/Jul/2023:00:51:40 +0000] "GET /wp-includes/js/wp-emoji-release.min.js?ver=6.2.2 HTTP/1.1" 200 5390 "http://192.168.56.201:8888/wp-admin/" "Mozilla/5.0 (Windows NT 10.0; Win64; x64) AppleWebKit/537.36 (KHTML, like Gecko) Chrome/114.0.0.0 Safari/537.36"
192.168.56.1 - - [06/Jul/2023:00:51:40 +0000] "GET /wp-includes/js/thickbox/loadingAnimation.gif HTTP/1.1" 200 15525 "http://192.168.56.201:8888/wp-admin/" "Mozilla/5.0 (Windows NT 10.0; Win64; x64) AppleWebKit/537.36 (KHTML, like Gecko) Chrome/114.0.0.0 Safari/537.36"
192.168.56.1 - - [06/Jul/2023:00:51:40 +0000] "GET /wp-admin/admin-ajax.php?action=wp-compression-test&test=1&_ajax_nonce=d52adace45&1688604700979 HTTP/1.1" 200 1138 "http://192.168.56.201:8888/wp-admin/" "Mozilla/5.0 (Windows NT 10.0; Win64; x64) AppleWebKit/537.36 (KHTML, like Gecko) Chrome/114.0.0.0 Safari/537.36"
172.28.0.1 - - [06/Jul/2023:00:51:41 +0000] "POST /wp-cron.php?doing_wp_cron=1688604701.0540521144866943359375 HTTP/1.1" 200 285 "-" "WordPress/6.2.2; http://192.168.56.201:8888"
192.168.56.1 - - [06/Jul/2023:00:51:42 +0000] "GET /wp-admin/admin-ajax.php?action=wp-compression-test&test=no&_ajax_nonce=d52adace45&1688604702182 HTTP/1.1" 200 470 "http://192.168.56.201:8888/wp-admin/" "Mozilla/5.0 (Windows NT 10.0; Win64; x64) AppleWebKit/537.36 (KHTML, like Gecko) Chrome/114.0.0.0 Safari/537.36"
192.168.56.1 - - [06/Jul/2023:00:51:40 +0000] "POST /wp-admin/admin-ajax.php HTTP/1.1" 200 566 "http://192.168.56.201:8888/wp-admin/" "Mozilla/5.0 (Windows NT 10.0; Win64; x64) AppleWebKit/537.36 (KHTML, like Gecko) Chrome/114.0.0.0 Safari/537.36"
192.168.56.1 - - [06/Jul/2023:00:51:40 +0000] "GET /wp-admin/admin-ajax.php?action=dashboard-widgets&widget=dashboard_primary&pagenow=dashboard HTTP/1.1" 200 941 "http://192.168.56.201:8888/wp-admin/" "Mozilla/5.0 (Windows NT 10.0; Win64; x64) AppleWebKit/537.36 (KHTML, like Gecko) Chrome/114.0.0.0 Safari/537.36"
127.0.0.1 - - [06/Jul/2023:00:51:49 +0000] "OPTIONS * HTTP/1.0" 200 126 "-" "Apache/2.4.56 (Debian) PHP/8.0.29 (internal dummy connection)"
127.0.0.1 - - [06/Jul/2023:00:51:50 +0000] "OPTIONS * HTTP/1.0" 200 126 "-" "Apache/2.4.56 (Debian) PHP/8.0.29 (internal dummy connection)"
127.0.0.1 - - [06/Jul/2023:00:51:53 +0000] "OPTIONS * HTTP/1.0" 200 126 "-" "Apache/2.4.56 (Debian) PHP/8.0.29 (internal dummy connection)"
172.28.0.1 - - [06/Jul/2023:00:52:41 +0000] "POST /wp-cron.php?doing_wp_cron=1688604761.2715830802917480468750 HTTP/1.1" 200 285 "-" "WordPress/6.2.2; http://192.168.56.201:8888"
192.168.56.1 - - [06/Jul/2023:00:52:41 +0000] "POST /wp-admin/admin-ajax.php HTTP/1.1" 200 512 "http://192.168.56.201:8888/wp-admin/" "Mozilla/5.0 (Windows NT 10.0; Win64; x64) AppleWebKit/537.36 (KHTML, like Gecko) Chrome/114.0.0.0 Safari/537.36"
192.168.56.1 - - [06/Jul/2023:00:53:41 +0000] "POST /wp-admin/admin-ajax.php HTTP/1.1" 200 512 "http://192.168.56.201:8888/wp-admin/" "Mozilla/5.0 (Windows NT 10.0; Win64; x64) AppleWebKit/537.36 (KHTML, like Gecko) Chrome/114.0.0.0 Safari/537.36"
192.168.56.1 - - [06/Jul/2023:00:54:42 +0000] "POST /wp-admin/admin-ajax.php HTTP/1.1" 200 512 "http://192.168.56.201:8888/wp-admin/" "Mozilla/5.0 (Windows NT 10.0; Win64; x64) AppleWebKit/537.36 (KHTML, like Gecko) Chrome/114.0.0.0 Safari/537.36"
192.168.56.1 - - [06/Jul/2023:00:56:43 +0000] "POST /wp-admin/admin-ajax.php HTTP/1.1" 200 512 "http://192.168.56.201:8888/wp-admin/" "Mozilla/5.0 (Windows NT 10.0; Win64; x64) AppleWebKit/537.36 (KHTML, like Gecko) Chrome/114.0.0.0 Safari/537.36"
